26-03-18.18:52:49.515 [main            ] INFO  Application            - Starting Application using Java 17.0.15 with PID 17420 (C:\Users\Mr Ding.LAPTOP-H54HCE12\Desktop\ai_pdf\w1_ai\w1_ai-app\target\classes started by Mr Ding in C:\Users\Mr Ding.LAPTOP-H54HCE12\Desktop\ai_pdf\w1_ai)
26-03-18.18:52:49.516 [main            ] INFO  Application            - The following 1 profile is active: "dev"
26-03-18.18:52:51.247 [main            ] INFO  TomcatWebServer        - Tomcat initialized with port 8091 (http)
26-03-18.18:52:51.263 [main            ] INFO  Http11NioProtocol      - Initializing ProtocolHandler ["http-nio-8091"]
26-03-18.18:52:51.265 [main            ] INFO  StandardService        - Starting service [Tomcat]
26-03-18.18:52:51.265 [main            ] INFO  StandardEngine         - Starting Servlet engine: [Apache Tomcat/10.1.17]
26-03-18.18:52:51.360 [main            ] INFO  [/]                    - Initializing Spring embedded WebApplicationContext
26-03-18.18:52:51.361 [main            ] INFO  ServletWebServerApplicationContext - Root WebApplicationContext: initialization completed in 1791 ms
26-03-18.18:52:54.527 [main            ] INFO  Http11NioProtocol      - Starting ProtocolHandler ["http-nio-8091"]
26-03-18.18:52:54.579 [main            ] INFO  TomcatWebServer        - Tomcat started on port 8091 (http) with context path ''
26-03-18.18:52:54.607 [main            ] INFO  Application            - Started Application in 5.972 seconds (process running for 6.524)
26-03-18.18:53:51.318 [http-nio-8091-exec-1] INFO  [/]                    - Initializing Spring DispatcherServlet 'dispatcherServlet'
26-03-18.18:53:51.318 [http-nio-8091-exec-1] INFO  DispatcherServlet      - Initializing Servlet 'dispatcherServlet'
26-03-18.18:53:51.320 [http-nio-8091-exec-1] INFO  DispatcherServlet      - Completed initialization in 1 ms
26-03-18.18:53:51.448 [http-nio-8091-exec-1] INFO  HikariDataSource       - HikariPool-1 - Starting...
26-03-18.18:53:51.669 [http-nio-8091-exec-1] INFO  HikariPool             - HikariPool-1 - Added connection org.postgresql.jdbc.PgConnection@71b12f60
26-03-18.18:53:51.671 [http-nio-8091-exec-1] INFO  HikariDataSource       - HikariPool-1 - Start completed.
26-03-18.18:54:01.336 [ForkJoinPool.commonPool-worker-1] INFO  ResearchOrchestrator   - 🚀 Starting new research agent for session: c0c6865d-6784-44ff-a2c0-21dc97eb5eea
26-03-18.18:54:03.315 [ForkJoinPool.commonPool-worker-1] INFO  ResearchOrchestrator   - 📝 Original: '1+1' -> Rewritten: 'What is the result of adding one plus one?'
26-03-18.18:54:03.320 [ForkJoinPool.commonPool-worker-1] INFO  ResearchAgent          - 🤖 Agent started. Question: What is the result of adding one plus one?
26-03-18.18:54:07.648 [ForkJoinPool.commonPool-worker-1] INFO  ResearchAgent          - 🛑 Step 1: [Final Answer Ready] The user's question is a simple arithmetic problem: 'What is the result of adding one plus one?' This is a basic mathematical fact, not a topic requiring research in a scientific paper library. The system prompt instructs me to use the tools to answer accurately, but the tools are designed for searching and analyzing scientific literature. There is no need to search the library for this. I should provide the correct answer directly.
26-03-18.18:54:07.669 [ForkJoinPool.commonPool-worker-1] INFO  ResearchOrchestrator   - 🏁 Agent finished and lock released for session: c0c6865d-6784-44ff-a2c0-21dc97eb5eea
26-03-18.19:00:00.028 [scheduling-1    ] INFO  GlobalScheduler        - ⏰ Starting nightly citation cleanup...
26-03-18.19:00:00.042 [scheduling-1    ] INFO  CitationEnrichmentService - 🧹 [Global Cleanup] Processing 0 leftover refs...
26-03-18.19:04:01.586 [http-nio-8091-exec-4] WARN  DefaultHandlerExceptionResolver - Ignoring exception, response committed. : org.springframework.web.context.request.async.AsyncRequestTimeoutException
26-03-18.19:04:01.587 [http-nio-8091-exec-4] WARN  DefaultHandlerExceptionResolver - Resolved [org.springframework.web.context.request.async.AsyncRequestTimeoutException]
26-03-18.19:10:00.002 [scheduling-1    ] INFO  GlobalScheduler        - ⏰ Starting nightly symbols cleanup...
26-03-18.19:10:00.020 [scheduling-1    ] INFO  EmbeddingProcessor     - 🧹 [Global Cleanup] Processing 0 leftover symbols...
26-03-18.19:20:00.012 [scheduling-1    ] INFO  GlobalScheduler        - ⏰ Starting nightly sections cleanup...
26-03-18.19:20:00.023 [scheduling-1    ] INFO  EmbeddingProcessor     - 🧹 [Global Cleanup] Processing 0 leftover sections...
26-03-18.20:00:00.005 [scheduling-1    ] INFO  GlobalScheduler        - ⏰ Starting nightly citation cleanup...
26-03-18.20:00:00.021 [scheduling-1    ] INFO  CitationEnrichmentService - 🧹 [Global Cleanup] Processing 0 leftover refs...
26-03-18.20:10:00.007 [scheduling-1    ] INFO  GlobalScheduler        - ⏰ Starting nightly symbols cleanup...
26-03-18.20:10:00.024 [scheduling-1    ] INFO  EmbeddingProcessor     - 🧹 [Global Cleanup] Processing 0 leftover symbols...
26-03-18.20:20:00.001 [scheduling-1    ] INFO  GlobalScheduler        - ⏰ Starting nightly sections cleanup...
26-03-18.20:20:00.008 [scheduling-1    ] INFO  EmbeddingProcessor     - 🧹 [Global Cleanup] Processing 0 leftover sections...
26-03-18.21:00:00.015 [scheduling-1    ] INFO  GlobalScheduler        - ⏰ Starting nightly citation cleanup...
26-03-18.21:00:00.029 [scheduling-1    ] INFO  CitationEnrichmentService - 🧹 [Global Cleanup] Processing 0 leftover refs...
26-03-18.21:10:00.006 [scheduling-1    ] INFO  GlobalScheduler        - ⏰ Starting nightly symbols cleanup...
26-03-18.21:10:00.023 [scheduling-1    ] INFO  EmbeddingProcessor     - 🧹 [Global Cleanup] Processing 0 leftover symbols...
26-03-18.21:20:00.008 [scheduling-1    ] INFO  GlobalScheduler        - ⏰ Starting nightly sections cleanup...
26-03-18.21:20:00.014 [scheduling-1    ] INFO  EmbeddingProcessor     - 🧹 [Global Cleanup] Processing 0 leftover sections...
26-03-18.21:27:58.070 [SpringApplicationShutdownHook] INFO  HikariDataSource       - HikariPool-1 - Shutdown initiated...
26-03-18.21:27:58.073 [SpringApplicationShutdownHook] INFO  HikariDataSource       - HikariPool-1 - Shutdown completed.
