26-03-24.15:56:46.322 [main            ] INFO  Application            - Starting Application using Java 17.0.15 with PID 13744 (C:\Users\Mr Ding.LAPTOP-H54HCE12\Desktop\ai_pdf\w1_ai\w1_ai-app\target\classes started by Mr Ding in C:\Users\Mr Ding.LAPTOP-H54HCE12\Desktop\ai_pdf\w1_ai)
26-03-24.15:56:46.324 [main            ] INFO  Application            - The following 1 profile is active: "dev"
26-03-24.15:56:48.497 [main            ] INFO  TomcatWebServer        - Tomcat initialized with port 8091 (http)
26-03-24.15:56:48.514 [main            ] INFO  Http11NioProtocol      - Initializing ProtocolHandler ["http-nio-8091"]
26-03-24.15:56:48.516 [main            ] INFO  StandardService        - Starting service [Tomcat]
26-03-24.15:56:48.517 [main            ] INFO  StandardEngine         - Starting Servlet engine: [Apache Tomcat/10.1.17]
26-03-24.15:56:48.601 [main            ] INFO  [/]                    - Initializing Spring embedded WebApplicationContext
26-03-24.15:56:48.601 [main            ] INFO  ServletWebServerApplicationContext - Root WebApplicationContext: initialization completed in 2205 ms
26-03-24.15:56:51.261 [main            ] INFO  Http11NioProtocol      - Starting ProtocolHandler ["http-nio-8091"]
26-03-24.15:56:51.281 [main            ] INFO  TomcatWebServer        - Tomcat started on port 8091 (http) with context path ''
26-03-24.15:56:51.296 [main            ] INFO  Application            - Started Application in 6.329 seconds (process running for 7.136)
26-03-24.16:00:00.028 [scheduling-1    ] INFO  GlobalScheduler        - ⏰ Starting nightly citation cleanup...
26-03-24.16:00:00.119 [scheduling-1    ] INFO  HikariDataSource       - HikariPool-1 - Starting...
26-03-24.16:00:00.370 [scheduling-1    ] INFO  HikariPool             - HikariPool-1 - Added connection org.postgresql.jdbc.PgConnection@ec318c3
26-03-24.16:00:00.373 [scheduling-1    ] INFO  HikariDataSource       - HikariPool-1 - Start completed.
26-03-24.16:00:00.426 [scheduling-1    ] INFO  CitationEnrichmentService - 🧹 [Global Cleanup] Processing 0 leftover refs...
26-03-24.16:10:00.018 [scheduling-1    ] INFO  GlobalScheduler        - ⏰ Starting nightly symbols cleanup...
26-03-24.16:10:00.065 [scheduling-1    ] INFO  EmbeddingProcessor     - 🧹 [Global Cleanup] Processing 0 leftover symbols...
26-03-24.16:20:00.015 [scheduling-1    ] INFO  GlobalScheduler        - ⏰ Starting nightly sections cleanup...
26-03-24.16:20:00.028 [scheduling-1    ] INFO  EmbeddingProcessor     - 🧹 [Global Cleanup] Processing 0 leftover sections...
26-03-24.17:00:00.010 [scheduling-1    ] INFO  GlobalScheduler        - ⏰ Starting nightly citation cleanup...
26-03-24.17:00:00.037 [scheduling-1    ] INFO  CitationEnrichmentService - 🧹 [Global Cleanup] Processing 0 leftover refs...
26-03-24.17:10:00.009 [scheduling-1    ] INFO  GlobalScheduler        - ⏰ Starting nightly symbols cleanup...
26-03-24.17:10:00.030 [scheduling-1    ] INFO  EmbeddingProcessor     - 🧹 [Global Cleanup] Processing 0 leftover symbols...
26-03-24.17:20:00.004 [scheduling-1    ] INFO  GlobalScheduler        - ⏰ Starting nightly sections cleanup...
26-03-24.17:20:00.011 [scheduling-1    ] INFO  EmbeddingProcessor     - 🧹 [Global Cleanup] Processing 0 leftover sections...
26-03-24.17:53:22.211 [SpringApplicationShutdownHook] INFO  HikariDataSource       - HikariPool-1 - Shutdown initiated...
26-03-24.17:53:22.216 [SpringApplicationShutdownHook] INFO  HikariDataSource       - HikariPool-1 - Shutdown completed.
