26-05-02.18:00:06.872 [main            ] INFO  Application            - Starting Application using Java 17.0.15 with PID 24984 (C:\Users\Mr Ding.LAPTOP-H54HCE12\Desktop\ai_pdf\w1_ai\w1_ai-app\target\classes started by Mr Ding in C:\Users\Mr Ding.LAPTOP-H54HCE12\Desktop\ai_pdf\w1_ai)
26-05-02.18:00:06.874 [main            ] INFO  Application            - The following 1 profile is active: "dev"
26-05-02.18:00:09.252 [main            ] INFO  TomcatWebServer        - Tomcat initialized with port 8091 (http)
26-05-02.18:00:09.271 [main            ] INFO  Http11NioProtocol      - Initializing ProtocolHandler ["http-nio-8091"]
26-05-02.18:00:09.274 [main            ] INFO  StandardService        - Starting service [Tomcat]
26-05-02.18:00:09.274 [main            ] INFO  StandardEngine         - Starting Servlet engine: [Apache Tomcat/10.1.17]
26-05-02.18:00:09.385 [main            ] INFO  [/]                    - Initializing Spring embedded WebApplicationContext
26-05-02.18:00:09.385 [main            ] INFO  ServletWebServerApplicationContext - Root WebApplicationContext: initialization completed in 2440 ms
26-05-02.18:00:09.916 [main            ] WARN  AnnotationConfigServletWebServerApplicationContext - Exception encountered during context initialization - cancelling refresh attempt: org.springframework.beans.factory.UnsatisfiedDependencyException: Error creating bean with name 'researchAgentImpl' defined in file [C:\Users\Mr Ding.LAPTOP-H54HCE12\Desktop\ai_pdf\w1_ai\w1_ai-agent-research\target\classes\cn\winddol\ai\agent\research\internal\ResearchAgentImpl.class]: Unsatisfied dependency expressed through constructor parameter 1: Error creating bean with name 'researchToolProvider' defined in class path resource [cn/winddol/ai/config/AgentFrameworkConfig.class]: Unsatisfied dependency expressed through method 'researchToolProvider' parameter 0: Error creating bean with name 'scientificResearchToolsImpl' defined in file [C:\Users\Mr Ding.LAPTOP-H54HCE12\Desktop\ai_pdf\w1_ai\w1_ai-paper\target\classes\cn\winddol\ai\paper\internal\ScientificResearchToolsImpl.class]: Unsatisfied dependency expressed through constructor parameter 0: Error creating bean with name 'hybridRetrieverServiceImpl' defined in file [C:\Users\Mr Ding.LAPTOP-H54HCE12\Desktop\ai_pdf\w1_ai\w1_ai-paper\target\classes\cn\winddol\ai\paper\internal\HybridRetrieverServiceImpl.class]: Unsatisfied dependency expressed through constructor parameter 0: No qualifying bean of type 'cn.winddol.ai.paper.api.IPaperRepository' available: expected at least 1 bean which qualifies as autowire candidate. Dependency annotations: {}
26-05-02.18:00:09.919 [main            ] INFO  StandardService        - Stopping service [Tomcat]
26-05-02.18:00:09.943 [main            ] INFO  ConditionEvaluationReportLogger - 

Error starting ApplicationContext. To display the condition evaluation report re-run your application with 'debug' enabled.
26-05-02.18:00:09.970 [main            ] ERROR LoggingFailureAnalysisReporter - 

***************************
APPLICATION FAILED TO START
***************************

Description:

Parameter 0 of constructor in cn.winddol.ai.paper.internal.HybridRetrieverServiceImpl required a bean of type 'cn.winddol.ai.paper.api.IPaperRepository' that could not be found.


Action:

Consider defining a bean of type 'cn.winddol.ai.paper.api.IPaperRepository' in your configuration.

26-05-02.18:05:01.202 [main            ] INFO  Application            - Starting Application using Java 17.0.15 with PID 24148 (C:\Users\Mr Ding.LAPTOP-H54HCE12\Desktop\ai_pdf\w1_ai\w1_ai-app\target\classes started by Mr Ding in C:\Users\Mr Ding.LAPTOP-H54HCE12\Desktop\ai_pdf\w1_ai)
26-05-02.18:05:01.204 [main            ] INFO  Application            - The following 1 profile is active: "dev"
26-05-02.18:05:03.727 [main            ] INFO  TomcatWebServer        - Tomcat initialized with port 8091 (http)
26-05-02.18:05:03.746 [main            ] INFO  Http11NioProtocol      - Initializing ProtocolHandler ["http-nio-8091"]
26-05-02.18:05:03.749 [main            ] INFO  StandardService        - Starting service [Tomcat]
26-05-02.18:05:03.749 [main            ] INFO  StandardEngine         - Starting Servlet engine: [Apache Tomcat/10.1.17]
26-05-02.18:05:03.868 [main            ] INFO  [/]                    - Initializing Spring embedded WebApplicationContext
26-05-02.18:05:03.868 [main            ] INFO  ServletWebServerApplicationContext - Root WebApplicationContext: initialization completed in 2599 ms
26-05-02.18:05:05.609 [main            ] WARN  AnnotationConfigServletWebServerApplicationContext - Exception encountered during context initialization - cancelling refresh attempt: org.springframework.beans.factory.UnsatisfiedDependencyException: Error creating bean with name 'researchAgentImpl' defined in file [C:\Users\Mr Ding.LAPTOP-H54HCE12\Desktop\ai_pdf\w1_ai\w1_ai-agent-research\target\classes\cn\winddol\ai\agent\research\internal\ResearchAgentImpl.class]: Unsatisfied dependency expressed through constructor parameter 1: Error creating bean with name 'researchToolProvider' defined in class path resource [cn/winddol/ai/config/AgentFrameworkConfig.class]: Unsatisfied dependency expressed through method 'researchToolProvider' parameter 0: Error creating bean with name 'scientificResearchToolsImpl' defined in file [C:\Users\Mr Ding.LAPTOP-H54HCE12\Desktop\ai_pdf\w1_ai\w1_ai-paper\target\classes\cn\winddol\ai\paper\internal\ScientificResearchToolsImpl.class]: Unsatisfied dependency expressed through constructor parameter 0: Error creating bean with name 'hybridRetrieverServiceImpl' defined in file [C:\Users\Mr Ding.LAPTOP-H54HCE12\Desktop\ai_pdf\w1_ai\w1_ai-paper\target\classes\cn\winddol\ai\paper\internal\HybridRetrieverServiceImpl.class]: Unsatisfied dependency expressed through constructor parameter 1: No qualifying bean of type 'cn.winddol.ai.paper.api.IEmbeddingService' available: expected at least 1 bean which qualifies as autowire candidate. Dependency annotations: {}
26-05-02.18:05:05.612 [main            ] INFO  StandardService        - Stopping service [Tomcat]
26-05-02.18:05:05.626 [main            ] INFO  ConditionEvaluationReportLogger - 

Error starting ApplicationContext. To display the condition evaluation report re-run your application with 'debug' enabled.
26-05-02.18:05:05.654 [main            ] ERROR LoggingFailureAnalysisReporter - 

***************************
APPLICATION FAILED TO START
***************************

Description:

Parameter 1 of constructor in cn.winddol.ai.paper.internal.HybridRetrieverServiceImpl required a bean of type 'cn.winddol.ai.paper.api.IEmbeddingService' that could not be found.


Action:

Consider defining a bean of type 'cn.winddol.ai.paper.api.IEmbeddingService' in your configuration.

